#
# There is insufficient memory for the Java Runtime Environment to continue.
# Native memory allocation (malloc) failed to allocate 1048576 bytes. Error detail: AllocateHeap
# Possible reasons:
#   The system is out of physical RAM or swap space
#   This process is running with CompressedOops enabled, and the Java Heap may be blocking the growth of the native heap
# Possible solutions:
#   Reduce memory load on the system
#   Increase physical memory or swap space
#   Check if swap backing store is full
#   Decrease Java heap size (-Xmx/-Xms)
#   Decrease number of Java threads
#   Decrease Java thread stack sizes (-Xss)
#   Set larger code cache with -XX:ReservedCodeCacheSize=
#   JVM is running with Zero Based Compressed Oops mode in which the Java heap is
#     placed in the first 32GB address space. The Java Heap base address is the
#     maximum limit for the native heap growth. Please use -XX:HeapBaseMinAddress
#     to set the Java Heap base and to place the Java Heap above 32GB virtual address.
# This output file may be truncated or incomplete.
#
#  Out of Memory Error (allocation.cpp:44), pid=17644, tid=17640
#
# JRE version: OpenJDK Runtime Environment Temurin-21.0.12.1+1 (21.0.12.1+1) (build 21.0.12.1+1-LTS)
# Java VM: OpenJDK 64-Bit Server VM Temurin-21.0.12.1+1 (21.0.12.1+1-LTS, mixed mode, sharing, tiered, compressed oops, compressed class ptrs, parallel gc, windows-amd64)
# No core dump will be written. Minidumps are not enabled by default on client versions of Windows
#

---------------  S U M M A R Y ------------

Command Line: --add-modules=ALL-SYSTEM --add-opens=java.base/java.util=ALL-UNNAMED --add-opens=java.base/java.lang=ALL-UNNAMED --add-opens=java.base/sun.nio.fs=ALL-UNNAMED -Declipse.application=org.eclipse.jdt.ls.core.id1 -Dosgi.bundles.defaultStartLevel=4 -Declipse.product=org.eclipse.jdt.ls.core.product -Djava.import.generatesMetadataFilesAtProjectRoot=false -Dm2e.project.cache.size=50 -DDetectVMInstallationsJob.disabled=true -Dfile.encoding=utf8 -XX:+UseParallelGC -XX:GCTimeRatio=4 -XX:AdaptiveSizePolicyWeight=90 -Dsun.zip.disableMemoryMapping=true -Xmx4G -Xms100m -Xlog:disable -javaagent:c:\Users\Dell\.vscode\extensions\redhat.java-1.56.0-win32-x64\lombok\lombok-1.18.39-4050.jar -XX:+HeapDumpOnOutOfMemoryError -XX:HeapDumpPath=c:\Users\Dell\AppData\Roaming\Code\User\workspaceStorage\08226073695553198ca0166fdc4483d4\redhat.java -Daether.dependencyCollector.impl=bf c:\Users\Dell\.vscode\extensions\redhat.java-1.56.0-win32-x64\server\plugins\org.eclipse.equinox.launcher_1.8.0.v20260804-1928.jar -configuration c:\Users\Dell\AppData\Roaming\Code\User\globalStorage\redhat.java\1.56.0\config_win -data c:\Users\Dell\AppData\Roaming\Code\User\workspaceStorage\08226073695553198ca0166fdc4483d4\redhat.java\jdt_ws --pipe=\\.\pipe\lsp-b4ca74854e5f72ca07b0dca999a48b8b-sock

Host: 11th Gen Intel(R) Core(TM) i5-1135G7 @ 2.40GHz, 8 cores, 7G,  Windows 11 , 64 bit Build 26100 (10.0.26100.9444)
Time: Mon Sep 21 21:18:31 2026 Nepal Standard Time elapsed time: 4088.310514 seconds (0d 1h 8m 8s)

---------------  T H R E A D  ---------------

Current thread (0x000001b1254d6740):  JavaThread "Attach Listener" daemon [_thread_in_vm, id=17640, stack(0x00000008ee500000,0x00000008ee600000) (1024K)]

Stack: [0x00000008ee500000,0x00000008ee600000]
Native frames: (J=compiled Java code, j=interpreted, Vv=VM code, C=native code)
V  [jvm.dll+0x6d83e9]
V  [jvm.dll+0x8b5736]
V  [jvm.dll+0x8b7cee]
V  [jvm.dll+0x8b83d3]
V  [jvm.dll+0x284596]
V  [jvm.dll+0xc13c7]
V  [jvm.dll+0x6d8c99]
V  [jvm.dll+0x133616]
V  [jvm.dll+0x3f8aae]
V  [jvm.dll+0x8600cd]
V  [jvm.dll+0x6d6c1d]
C  [ucrtbase.dll+0x2cd30]
C  [KERNEL32.DLL+0x2cd87]
C  [ntdll.dll+0xacaec]


---------------  P R O C E S S  ---------------

Threads class SMR info:
_java_thread_list=0x000001b16ea7f640, length=48, elements={
0x000001b10a0fe4f0, 0x000001b1254ce090, 0x000001b1254d0570, 0x000001b1254d2570,
0x000001b1254d6740, 0x000001b1254d96b0, 0x000001b1254da110, 0x000001b1254dcf60,
0x000001b1254f6df0, 0x000001b16c1eb9c0, 0x000001b16c30eac0, 0x000001b16c6f5f00,
0x000001b16c96aca0, 0x000001b16cd7b740, 0x000001b16c978d30, 0x000001b16cf26cc0,
0x000001b16c5bcd00, 0x000001b16c8ce2f0, 0x000001b16d1adc40, 0x000001b16ead4c20,
0x000001b16ead1e30, 0x000001b16ead3f00, 0x000001b16ead4590, 0x000001b16ead3870,
0x000001b16ead24c0, 0x000001b16ead5940, 0x000001b16ead5fd0, 0x000001b16ead2b50,
0x000001b16ead8dc0, 0x000001b16ead7380, 0x000001b16ead6660, 0x000001b16ead6cf0,
0x000001b16db39f50, 0x000001b16f2cf7b0, 0x000001b16f2d11f0, 0x000001b16f2d04d0,
0x000001b16db35720, 0x000001b16db35090, 0x000001b16db377f0, 0x000001b16f2cfe40,
0x000001b16f2cdd70, 0x000001b16f2d4d00, 0x000001b16f2d2c30, 0x000001b16f2d1880,
0x000001b16f2d32c0, 0x000001b16f2d3fe0, 0x000001b17b56adf0, 0x000001b17b56a760
}

Java Threads: ( => current thread )
  0x000001b10a0fe4f0 JavaThread "main"                              [_thread_blocked, id=17544, stack(0x00000008ede00000,0x00000008edf00000) (1024K)]
  0x000001b1254ce090 JavaThread "Reference Handler"          daemon [_thread_blocked, id=14832, stack(0x00000008ee200000,0x00000008ee300000) (1024K)]
  0x000001b1254d0570 JavaThread "Finalizer"                  daemon [_thread_blocked, id=7436, stack(0x00000008ee300000,0x00000008ee400000) (1024K)]
  0x000001b1254d2570 JavaThread "Signal Dispatcher"          daemon [_thread_blocked, id=20976, stack(0x00000008ee400000,0x00000008ee500000) (1024K)]
=>0x000001b1254d6740 JavaThread "Attach Listener"            daemon [_thread_in_vm, id=17640, stack(0x00000008ee500000,0x00000008ee600000) (1024K)]
  0x000001b1254d96b0 JavaThread "Service Thread"             daemon [_thread_blocked, id=16768, stack(0x00000008ee600000,0x00000008ee700000) (1024K)]
  0x000001b1254da110 JavaThread "Monitor Deflation Thread"   daemon [_thread_blocked, id=20796, stack(0x00000008ee700000,0x00000008ee800000) (1024K)]
  0x000001b1254dcf60 JavaThread "C2 CompilerThread0"         daemon [_thread_blocked, id=19980, stack(0x00000008ee800000,0x00000008ee900000) (1024K)]
  0x000001b1254f6df0 JavaThread "C1 CompilerThread0"         daemon [_thread_blocked, id=3984, stack(0x00000008ee900000,0x00000008eea00000) (1024K)]
  0x000001b16c1eb9c0 JavaThread "Common-Cleaner"             daemon [_thread_blocked, id=2480, stack(0x00000008eea00000,0x00000008eeb00000) (1024K)]
  0x000001b16c30eac0 JavaThread "Notification Thread"        daemon [_thread_blocked, id=13996, stack(0x00000008eeb00000,0x00000008eec00000) (1024K)]
  0x000001b16c6f5f00 JavaThread "Active Thread: Equinox Container: b483d116-8665-47ef-9a52-84f0069b4cee"        [_thread_blocked, id=15456, stack(0x00000008ef200000,0x00000008ef300000) (1024K)]
  0x000001b16c96aca0 JavaThread "Refresh Thread: Equinox Container: b483d116-8665-47ef-9a52-84f0069b4cee" daemon [_thread_blocked, id=18796, stack(0x00000008ef400000,0x00000008ef500000) (1024K)]
  0x000001b16cd7b740 JavaThread "Framework Event Dispatcher: Equinox Container: b483d116-8665-47ef-9a52-84f0069b4cee" daemon [_thread_blocked, id=15828, stack(0x00000008ef500000,0x00000008ef600000) (1024K)]
  0x000001b16c978d30 JavaThread "Start Level: Equinox Container: b483d116-8665-47ef-9a52-84f0069b4cee" daemon [_thread_blocked, id=21412, stack(0x00000008ef600000,0x00000008ef700000) (1024K)]
  0x000001b16cf26cc0 JavaThread "Bundle File Closer"         daemon [_thread_blocked, id=10800, stack(0x00000008ef700000,0x00000008ef800000) (1024K)]
  0x000001b16c5bcd00 JavaThread "SCR Component Actor"        daemon [_thread_blocked, id=18992, stack(0x00000008ef800000,0x00000008ef900000) (1024K)]
  0x000001b16c8ce2f0 JavaThread "Worker-JM"                         [_thread_blocked, id=20940, stack(0x00000008ef900000,0x00000008efa00000) (1024K)]
  0x000001b16d1adc40 JavaThread "JNA Cleaner"                daemon [_thread_blocked, id=12568, stack(0x00000008efa00000,0x00000008efb00000) (1024K)]
  0x000001b16ead4c20 JavaThread "Java indexing"              daemon [_thread_blocked, id=16228, stack(0x00000008efd00000,0x00000008efe00000) (1024K)]
  0x000001b16ead1e30 JavaThread "Thread-1"                   daemon [_thread_in_native, id=20184, stack(0x00000008f0200000,0x00000008f0300000) (1024K)]
  0x000001b16ead3f00 JavaThread "Thread-2"                   daemon [_thread_in_native, id=21080, stack(0x00000008f0300000,0x00000008f0400000) (1024K)]
  0x000001b16ead4590 JavaThread "Thread-3"                   daemon [_thread_in_native, id=19400, stack(0x00000008f0400000,0x00000008f0500000) (1024K)]
  0x000001b16ead3870 JavaThread "Thread-4"                   daemon [_thread_in_native, id=21464, stack(0x00000008f0500000,0x00000008f0600000) (1024K)]
  0x000001b16ead24c0 JavaThread "Thread-5"                   daemon [_thread_in_native, id=12136, stack(0x00000008f0600000,0x00000008f0700000) (1024K)]
  0x000001b16ead5940 JavaThread "Thread-6"                   daemon [_thread_in_native, id=18892, stack(0x00000008f0700000,0x00000008f0800000) (1024K)]
  0x000001b16ead5fd0 JavaThread "Thread-7"                   daemon [_thread_in_native, id=18184, stack(0x00000008f0800000,0x00000008f0900000) (1024K)]
  0x000001b16ead2b50 JavaThread "Thread-8"                   daemon [_thread_in_native, id=17400, stack(0x00000008f0900000,0x00000008f0a00000) (1024K)]
  0x000001b16ead8dc0 JavaThread "Thread-9"                   daemon [_thread_in_native, id=10252, stack(0x00000008f0a00000,0x00000008f0b00000) (1024K)]
  0x000001b16ead7380 JavaThread "pool-2-thread-1"                   [_thread_blocked, id=1712, stack(0x00000008f0b00000,0x00000008f0c00000) (1024K)]
  0x000001b16ead6660 JavaThread "WorkspaceEventsHandler"            [_thread_blocked, id=14552, stack(0x00000008f0c00000,0x00000008f0d00000) (1024K)]
  0x000001b16ead6cf0 JavaThread "pool-1-thread-1"                   [_thread_blocked, id=19556, stack(0x00000008f0d00000,0x00000008f0e00000) (1024K)]
  0x000001b16db39f50 JavaThread "Cleaner-0"                  daemon [_thread_blocked, id=18780, stack(0x00000008f1f00000,0x00000008f2000000) (1024K)]
  0x000001b16f2cf7b0 JavaThread "Java Debug Server"          daemon [_thread_in_native, id=4560, stack(0x00000008edc00000,0x00000008edd00000) (1024K)]
  0x000001b16f2d11f0 JavaThread "RxSchedulerPurge-1"         daemon [_thread_blocked, id=17688, stack(0x00000008f1d00000,0x00000008f1e00000) (1024K)]
  0x000001b16f2d04d0 JavaThread "RxCachedWorkerPoolEvictor-1" daemon [_thread_blocked, id=7248, stack(0x00000008f1e00000,0x00000008f1f00000) (1024K)]
  0x000001b16db35720 JavaThread "PatternSearchJob-worker-8"  daemon [_thread_blocked, id=16828, stack(0x00000008efb00000,0x00000008efc00000) (1024K)]
  0x000001b16db35090 JavaThread "ForkJoinPool.commonPool-worker-25" daemon [_thread_blocked, id=16352, stack(0x00000008f0000000,0x00000008f0100000) (1024K)]
  0x000001b16db377f0 JavaThread "ForkJoinPool.commonPool-worker-26" daemon [_thread_blocked, id=12612, stack(0x00000008f0f00000,0x00000008f1000000) (1024K)]
  0x000001b16f2cfe40 JavaThread "PatternSearchJob-worker-9"  daemon [_thread_blocked, id=756, stack(0x00000008edd00000,0x00000008ede00000) (1024K)]
  0x000001b16f2cdd70 JavaThread "PatternSearchJob-worker-10" daemon [_thread_blocked, id=9780, stack(0x00000008f1200000,0x00000008f1300000) (1024K)]
  0x000001b16f2d4d00 JavaThread "PatternSearchJob-worker-11" daemon [_thread_blocked, id=21492, stack(0x00000008f1300000,0x00000008f1400000) (1024K)]
  0x000001b16f2d2c30 JavaThread "PatternSearchJob-worker-12" daemon [_thread_blocked, id=7588, stack(0x00000008f1400000,0x00000008f1500000) (1024K)]
  0x000001b16f2d1880 JavaThread "PatternSearchJob-worker-13" daemon [_thread_blocked, id=18148, stack(0x00000008f1500000,0x00000008f1600000) (1024K)]
  0x000001b16f2d32c0 JavaThread "PatternSearchJob-worker-14" daemon [_thread_blocked, id=7496, stack(0x00000008f1600000,0x00000008f1700000) (1024K)]
  0x000001b16f2d3fe0 JavaThread "ForkJoinPool.commonPool-worker-29" daemon [_thread_blocked, id=14296, stack(0x00000008f1800000,0x00000008f1900000) (1024K)]
  0x000001b17b56adf0 JavaThread "Worker-21"                         [_thread_blocked, id=10324, stack(0x00000008f0100000,0x00000008f0200000) (1024K)]
  0x000001b17b56a760 JavaThread "Worker-22"                         [_thread_blocked, id=11448, stack(0x00000008edb00000,0x00000008edc00000) (1024K)]
Total: 48

Other Threads:
  0x000001b10a1be7a0 VMThread "VM Thread"                           [id=2796, stack(0x00000008ee100000,0x00000008ee200000) (1024K)]
  0x000001b10a16a7f0 WatcherThread "VM Periodic Task Thread"        [id=9828, stack(0x00000008ee000000,0x00000008ee100000) (1024K)]
  0x000001b10a11c980 WorkerThread "GC Thread#0"                     [id=11544, stack(0x00000008edf00000,0x00000008ee000000) (1024K)]
  0x000001b16c46f740 WorkerThread "GC Thread#1"                     [id=16504, stack(0x00000008eec00000,0x00000008eed00000) (1024K)]
  0x000001b16c46faf0 WorkerThread "GC Thread#2"                     [id=12600, stack(0x00000008eed00000,0x00000008eee00000) (1024K)]
  0x000001b16c71a470 WorkerThread "GC Thread#3"                     [id=19988, stack(0x00000008eee00000,0x00000008eef00000) (1024K)]
  0x000001b16c71a820 WorkerThread "GC Thread#4"                     [id=19576, stack(0x00000008eef00000,0x00000008ef000000) (1024K)]
  0x000001b16c71abd0 WorkerThread "GC Thread#5"                     [id=12736, stack(0x00000008ef000000,0x00000008ef100000) (1024K)]
  0x000001b16c7041b0 WorkerThread "GC Thread#6"                     [id=9652, stack(0x00000008ef100000,0x00000008ef200000) (1024K)]
  0x000001b16c703e00 WorkerThread "GC Thread#7"                     [id=7608, stack(0x00000008ef300000,0x00000008ef400000) (1024K)]
Total: 10

Threads with active compile tasks:
Total: 0

VM state: not at safepoint (normal execution)

VM Mutex/Monitor currently owned by a thread: None

Heap address: 0x0000000700000000, size: 4096 MB, Compressed Oops mode: Zero based, Oop shift amount: 3

CDS archive(s) mapped at: [0x000001b126000000-0x000001b126ba0000-0x000001b126ba0000), size 12189696, SharedBaseAddress: 0x000001b126000000, ArchiveRelocationMode: 1.
Compressed class space mapped at: 0x000001b127000000-0x000001b167000000, reserved size: 1073741824
Narrow klass base: 0x000001b126000000, Narrow klass shift: 0, Narrow klass range: 0x100000000

GC Precious Log:
 CardTable entry size: 512
 CPUs: 8 total, 8 available
 Memory: 7918M
 Large Page Support: Disabled
 NUMA Support: Disabled
 Compressed Oops: Enabled (Zero based)
 Alignments: Space 512K, Generation 512K, Heap 2M
 Heap Min Capacity: 100M
 Heap Initial Capacity: 100M
 Heap Max Capacity: 4G
 Pre-touch: Disabled
 Parallel Workers: 8

Heap:
 PSYoungGen      total 13312K, used 10565K [0x00000007aab00000, 0x00000007ac000000, 0x0000000800000000)
  eden space 11264K, 77% used [0x00000007aab00000,0x00000007ab383140,0x00000007ab600000)
  from space 2048K, 90% used [0x00000007abe00000,0x00000007abfce540,0x00000007ac000000)
  to   space 2560K, 0% used [0x00000007abb00000,0x00000007abb00000,0x00000007abd80000)
 ParOldGen       total 1153024K, used 308221K [0x0000000700000000, 0x0000000746600000, 0x00000007aab00000)
  object space 1153024K, 26% used [0x0000000700000000,0x0000000712cff730,0x0000000746600000)
 Metaspace       used 94992K, committed 96960K, reserved 1179648K
  class space    used 9669K, committed 10496K, reserved 1048576K

Card table byte_map: [0x000001b11c300000,0x000001b11cb10000] _byte_map_base: 0x000001b118b00000

Marking Bits: (ParMarkBitMap*) 0x00007ff8ac0944a0
 Begin Bits: [0x000001b11cb10000, 0x000001b120b10000)
 End Bits:   [0x000001b120b10000, 0x000001b124b10000)

Polling page: 0x000001b107f80000

Metaspace:

Usage:
  Non-class:     83.32 MB used.
      Class:      9.44 MB used.
       Both:     92.77 MB used.

Virtual space:
  Non-class space:      128.00 MB reserved,      84.44 MB ( 66%) committed,  2 nodes.
      Class space:        1.00 GB reserved,      10.25 MB (  1%) committed,  1 nodes.
             Both:        1.12 GB reserved,      94.69 MB (  8%) committed. 

Chunk freelists:
   Non-Class:  11.55 MB
       Class:  5.62 MB
        Both:  17.17 MB

MaxMetaspaceSize: unlimited
CompressedClassSpaceSize: 1.00 GB
Initial GC threshold: 21.00 MB
Current GC threshold: 157.12 MB
CDS: on
 - commit_granule_bytes: 65536.
 - commit_granule_words: 8192.
 - virtual_space_node_default_size: 8388608.
 - enlarge_chunks_in_place: 1.
 - use_allocation_guard: 0.


Internal statistics:

num_allocs_failed_limit: 9.
num_arena_births: 2000.
num_arena_deaths: 16.
num_vsnodes_births: 3.
num_vsnodes_deaths: 0.
num_space_committed: 1515.
num_space_uncommitted: 0.
num_chunks_returned_to_freelist: 26.
num_chunks_taken_from_freelist: 6870.
num_chunk_merges: 15.
num_chunk_splits: 4207.
num_chunks_enlarged: 2326.
num_inconsistent_stats: 0.

CodeHeap 'non-profiled nmethods': size=120000Kb used=23895Kb max_used=26787Kb free=96105Kb
 bounds [0x000001b114dd0000, 0x000001b116800000, 0x000001b11c300000]
CodeHeap 'profiled nmethods': size=120000Kb used=45943Kb max_used=55213Kb free=74056Kb
 bounds [0x000001b10d300000, 0x000001b1108f0000, 0x000001b114830000]
CodeHeap 'non-nmethods': size=5760Kb used=1532Kb max_used=1653Kb free=4227Kb
 bounds [0x000001b114830000, 0x000001b114aa0000, 0x000001b114dd0000]
CodeCache: size=245760Kb, used=71370Kb, max_used=83653Kb, free=174388Kb
 total_blobs=19865, nmethods=19017, adapters=747, full_count=0
Compilation: enabled, stopped_count=0, restarted_count=0

Compilation events (20 events):
Event: 3931.758 Thread 0x000001b1254dcf60 26793 %     4       org.eclipse.jdt.internal.core.ModuleUpdater::determineModulesOfProjectsWithNonEmptyClasspath @ 48 (151 bytes)
Event: 3931.761 Thread 0x000001b1254dcf60 nmethod 26793% 0x000001b115c48210 code [0x000001b115c483c0, 0x000001b115c48708]
Event: 3931.779 Thread 0x000001b1254dcf60 26794   !   4       org.eclipse.jdt.internal.core.search.PatternSearchJob::clone (42 bytes)
Event: 3931.780 Thread 0x000001b1254dcf60 nmethod 26794 0x000001b114eeb810 code [0x000001b114eeb9a0, 0x000001b114eebae8]
Event: 3931.780 Thread 0x000001b1254dcf60 26795   !   4       org.eclipse.jdt.internal.core.search.PatternSearchJob::search (246 bytes)
Event: 3931.789 Thread 0x000001b1254dcf60 nmethod 26795 0x000001b1150c1a10 code [0x000001b1150c1c60, 0x000001b1150c29a0]
Event: 3931.789 Thread 0x000001b1254dcf60 26796   !   4       org.eclipse.jdt.internal.core.search.PatternSearchJob::clone (45 bytes)
Event: 3931.804 Thread 0x000001b1254dcf60 nmethod 26796 0x000001b115d2d990 code [0x000001b115d2db40, 0x000001b115d2dd58]
Event: 3932.022 Thread 0x000001b1254dcf60 26797   !   4       org.eclipse.jdt.internal.compiler.lookup.ClassScope::connectSuperInterfaces (920 bytes)
Event: 3932.042 Thread 0x000001b1254dcf60 nmethod 26797 0x000001b1154daf90 code [0x000001b1154db2e0, 0x000001b1154dc638]
Event: 3932.042 Thread 0x000001b1254dcf60 26799       4       org.eclipse.jdt.internal.compiler.ast.ReturnStatement::traverse (32 bytes)
Event: 3932.044 Thread 0x000001b1254dcf60 nmethod 26799 0x000001b114f07a90 code [0x000001b114f07c40, 0x000001b114f07e38]
Event: 3932.044 Thread 0x000001b1254dcf60 26798       4       org.eclipse.jdt.internal.compiler.parser.Parser::consumeNestedMethod (33 bytes)
Event: 3932.045 Thread 0x000001b1254f6df0 26800       3       org.eclipse.jdt.internal.codeassist.select.SelectionJavadocParser::checkDeprecation (112 bytes)
Event: 3932.045 Thread 0x000001b1254dcf60 nmethod 26798 0x000001b115f18c90 code [0x000001b115f18e40, 0x000001b115f19030]
Event: 3932.045 Thread 0x000001b1254f6df0 nmethod 26800 0x000001b10d3e7b10 code [0x000001b10d3e7d00, 0x000001b10d3e8238]
Event: 3932.054 Thread 0x000001b1254dcf60 26801       4       lombok.eclipse.handlers.EclipseHandlerUtil::getQualifiedInnerName (138 bytes)
Event: 3932.058 Thread 0x000001b1254dcf60 nmethod 26801 0x000001b115785790 code [0x000001b115785960, 0x000001b115785eb8]
Event: 3984.806 Thread 0x000001b1254f6df0 26802       3       java.lang.ProcessHandleImpl::<init> (15 bytes)
Event: 3984.807 Thread 0x000001b1254f6df0 nmethod 26802 0x000001b10de40190 code [0x000001b10de40340, 0x000001b10de404b0]

GC Heap History (20 events):
Event: 3927.386 GC heap before
{Heap before GC invocations=2167 (full 6):
 PSYoungGen      total 12800K, used 12400K [0x00000007aab00000, 0x00000007ab900000, 0x0000000800000000)
  eden space 11264K, 100% used [0x00000007aab00000,0x00000007ab600000,0x00000007ab600000)
  from space 1536K, 73% used [0x00000007ab780000,0x00000007ab89c030,0x00000007ab900000)
  to   space 1536K, 0% used [0x00000007ab600000,0x00000007ab600000,0x00000007ab780000)
 ParOldGen       total 1153024K, used 288095K [0x0000000700000000, 0x0000000746600000, 0x00000007aab00000)
  object space 1153024K, 24% used [0x0000000700000000,0x0000000711957c28,0x0000000746600000)
 Metaspace       used 94989K, committed 96960K, reserved 1179648K
  class space    used 9669K, committed 10496K, reserved 1048576K
}
Event: 3927.391 GC heap after
{Heap after GC invocations=2167 (full 6):
 PSYoungGen      total 12800K, used 1524K [0x00000007aab00000, 0x00000007abf80000, 0x0000000800000000)
  eden space 11264K, 0% used [0x00000007aab00000,0x00000007aab00000,0x00000007ab600000)
  from space 1536K, 99% used [0x00000007ab600000,0x00000007ab77d200,0x00000007ab780000)
  to   space 3584K, 0% used [0x00000007abc00000,0x00000007abc00000,0x00000007abf80000)
 ParOldGen       total 1153024K, used 289383K [0x0000000700000000, 0x0000000746600000, 0x00000007aab00000)
  object space 1153024K, 25% used [0x0000000700000000,0x0000000711a99f08,0x0000000746600000)
 Metaspace       used 94989K, committed 96960K, reserved 1179648K
  class space    used 9669K, committed 10496K, reserved 1048576K
}
Event: 3927.702 GC heap before
{Heap before GC invocations=2168 (full 6):
 PSYoungGen      total 12800K, used 12788K [0x00000007aab00000, 0x00000007abf80000, 0x0000000800000000)
  eden space 11264K, 100% used [0x00000007aab00000,0x00000007ab600000,0x00000007ab600000)
  from space 1536K, 99% used [0x00000007ab600000,0x00000007ab77d200,0x00000007ab780000)
  to   space 3584K, 0% used [0x00000007abc00000,0x00000007abc00000,0x00000007abf80000)
 ParOldGen       total 1153024K, used 289383K [0x0000000700000000, 0x0000000746600000, 0x00000007aab00000)
  object space 1153024K, 25% used [0x0000000700000000,0x0000000711a99f08,0x0000000746600000)
 Metaspace       used 94991K, committed 96960K, reserved 1179648K
  class space    used 9669K, committed 10496K, reserved 1048576K
}
Event: 3927.706 GC heap after
{Heap after GC invocations=2168 (full 6):
 PSYoungGen      total 14336K, used 2777K [0x00000007aab00000, 0x00000007abf00000, 0x0000000800000000)
  eden space 11264K, 0% used [0x00000007aab00000,0x00000007aab00000,0x00000007ab600000)
  from space 3072K, 90% used [0x00000007abc00000,0x00000007abeb6540,0x00000007abf00000)
  to   space 3072K, 0% used [0x00000007ab900000,0x00000007ab900000,0x00000007abc00000)
 ParOldGen       total 1153024K, used 290827K [0x0000000700000000, 0x0000000746600000, 0x00000007aab00000)
  object space 1153024K, 25% used [0x0000000700000000,0x0000000711c02f30,0x0000000746600000)
 Metaspace       used 94991K, committed 96960K, reserved 1179648K
  class space    used 9669K, committed 10496K, reserved 1048576K
}
Event: 3927.731 GC heap before
{Heap before GC invocations=2169 (full 6):
 PSYoungGen      total 14336K, used 14041K [0x00000007aab00000, 0x00000007abf00000, 0x0000000800000000)
  eden space 11264K, 100% used [0x00000007aab00000,0x00000007ab600000,0x00000007ab600000)
  from space 3072K, 90% used [0x00000007abc00000,0x00000007abeb6540,0x00000007abf00000)
  to   space 3072K, 0% used [0x00000007ab900000,0x00000007ab900000,0x00000007abc00000)
 ParOldGen       total 1153024K, used 290827K [0x0000000700000000, 0x0000000746600000, 0x00000007aab00000)
  object space 1153024K, 25% used [0x0000000700000000,0x0000000711c02f30,0x0000000746600000)
 Metaspace       used 94991K, committed 96960K, reserved 1179648K
  class space    used 9669K, committed 10496K, reserved 1048576K
}
Event: 3927.734 GC heap after
{Heap after GC invocations=2169 (full 6):
 PSYoungGen      total 12800K, used 1035K [0x00000007aab00000, 0x00000007abc80000, 0x0000000800000000)
  eden space 11264K, 0% used [0x00000007aab00000,0x00000007aab00000,0x00000007ab600000)
  from space 1536K, 67% used [0x00000007ab900000,0x00000007aba02e20,0x00000007aba80000)
  to   space 2048K, 0% used [0x00000007aba80000,0x00000007aba80000,0x00000007abc80000)
 ParOldGen       total 1153024K, used 291738K [0x0000000700000000, 0x0000000746600000, 0x00000007aab00000)
  object space 1153024K, 25% used [0x0000000700000000,0x0000000711ce6970,0x0000000746600000)
 Metaspace       used 94991K, committed 96960K, reserved 1179648K
  class space    used 9669K, committed 10496K, reserved 1048576K
}
Event: 3927.780 GC heap before
{Heap before GC invocations=2170 (full 6):
 PSYoungGen      total 12800K, used 12299K [0x00000007aab00000, 0x00000007abc80000, 0x0000000800000000)
  eden space 11264K, 100% used [0x00000007aab00000,0x00000007ab600000,0x00000007ab600000)
  from space 1536K, 67% used [0x00000007ab900000,0x00000007aba02e20,0x00000007aba80000)
  to   space 2048K, 0% used [0x00000007aba80000,0x00000007aba80000,0x00000007abc80000)
 ParOldGen       total 1153024K, used 291738K [0x0000000700000000, 0x0000000746600000, 0x00000007aab00000)
  object space 1153024K, 25% used [0x0000000700000000,0x0000000711ce6970,0x0000000746600000)
 Metaspace       used 94991K, committed 96960K, reserved 1179648K
  class space    used 9669K, committed 10496K, reserved 1048576K
}
Event: 3927.783 GC heap after
{Heap after GC invocations=2170 (full 6):
 PSYoungGen      total 13312K, used 1888K [0x00000007aab00000, 0x00000007abc80000, 0x0000000800000000)
  eden space 11264K, 0% used [0x00000007aab00000,0x00000007aab00000,0x00000007ab600000)
  from space 2048K, 92% used [0x00000007aba80000,0x00000007abc58020,0x00000007abc80000)
  to   space 2560K, 0% used [0x00000007ab780000,0x00000007ab780000,0x00000007aba00000)
 ParOldGen       total 1153024K, used 292559K [0x0000000700000000, 0x0000000746600000, 0x00000007aab00000)
  object space 1153024K, 25% used [0x0000000700000000,0x0000000711db3e60,0x0000000746600000)
 Metaspace       used 94991K, committed 96960K, reserved 1179648K
  class space    used 9669K, committed 10496K, reserved 1048576K
}
Event: 3927.813 GC heap before
{Heap before GC invocations=2171 (full 6):
 PSYoungGen      total 13312K, used 13152K [0x00000007aab00000, 0x00000007abc80000, 0x0000000800000000)
  eden space 11264K, 100% used [0x00000007aab00000,0x00000007ab600000,0x00000007ab600000)
  from space 2048K, 92% used [0x00000007aba80000,0x00000007abc58020,0x00000007abc80000)
  to   space 2560K, 0% used [0x00000007ab780000,0x00000007ab780000,0x00000007aba00000)
 ParOldGen       total 1153024K, used 292559K [0x0000000700000000, 0x0000000746600000, 0x00000007aab00000)
  object space 1153024K, 25% used [0x0000000700000000,0x0000000711db3e60,0x0000000746600000)
 Metaspace       used 94991K, committed 96960K, reserved 1179648K
  class space    used 9669K, committed 10496K, reserved 1048576K
}
Event: 3927.816 GC heap after
{Heap after GC invocations=2171 (full 6):
 PSYoungGen      total 12800K, used 1344K [0x00000007aab00000, 0x00000007abb00000, 0x0000000800000000)
  eden space 11264K, 0% used [0x00000007aab00000,0x00000007aab00000,0x00000007ab600000)
  from space 1536K, 87% used [0x00000007ab780000,0x00000007ab8d0040,0x00000007ab900000)
  to   space 2048K, 0% used [0x00000007ab900000,0x00000007ab900000,0x00000007abb00000)
 ParOldGen       total 1153024K, used 294343K [0x0000000700000000, 0x0000000746600000, 0x00000007aab00000)
  object space 1153024K, 25% used [0x0000000700000000,0x0000000711f71e90,0x0000000746600000)
 Metaspace       used 94991K, committed 96960K, reserved 1179648K
  class space    used 9669K, committed 10496K, reserved 1048576K
}
Event: 3931.767 GC heap before
{Heap before GC invocations=2172 (full 6):
 PSYoungGen      total 12800K, used 12608K [0x00000007aab00000, 0x00000007abb00000, 0x0000000800000000)
  eden space 11264K, 100% used [0x00000007aab00000,0x00000007ab600000,0x00000007ab600000)
  from space 1536K, 87% used [0x00000007ab780000,0x00000007ab8d0040,0x00000007ab900000)
  to   space 2048K, 0% used [0x00000007ab900000,0x00000007ab900000,0x00000007abb00000)
 ParOldGen       total 1153024K, used 294343K [0x0000000700000000, 0x0000000746600000, 0x00000007aab00000)
  object space 1153024K, 25% used [0x0000000700000000,0x0000000711f71e90,0x0000000746600000)
 Metaspace       used 94991K, committed 96960K, reserved 1179648K
  class space    used 9669K, committed 10496K, reserved 1048576K
}
Event: 3931.770 GC heap after
{Heap after GC invocations=2172 (full 6):
 PSYoungGen      total 12800K, used 1434K [0x00000007aab00000, 0x00000007aba80000, 0x0000000800000000)
  eden space 11264K, 0% used [0x00000007aab00000,0x00000007aab00000,0x00000007ab600000)
  from space 1536K, 93% used [0x00000007ab900000,0x00000007aba66920,0x00000007aba80000)
  to   space 1536K, 0% used [0x00000007ab780000,0x00000007ab780000,0x00000007ab900000)
 ParOldGen       total 1153024K, used 295543K [0x0000000700000000, 0x0000000746600000, 0x00000007aab00000)
  object space 1153024K, 25% used [0x0000000700000000,0x000000071209def0,0x0000000746600000)
 Metaspace       used 94991K, committed 96960K, reserved 1179648K
  class space    used 9669K, committed 10496K, reserved 1048576K
}
Event: 3931.790 GC heap before
{Heap before GC invocations=2173 (full 6):
 PSYoungGen      total 12800K, used 12698K [0x00000007aab00000, 0x00000007aba80000, 0x0000000800000000)
  eden space 11264K, 100% used [0x00000007aab00000,0x00000007ab600000,0x00000007ab600000)
  from space 1536K, 93% used [0x00000007ab900000,0x00000007aba66920,0x00000007aba80000)
  to   space 1536K, 0% used [0x00000007ab780000,0x00000007ab780000,0x00000007ab900000)
 ParOldGen       total 1153024K, used 295543K [0x0000000700000000, 0x0000000746600000, 0x00000007aab00000)
  object space 1153024K, 25% used [0x0000000700000000,0x000000071209def0,0x0000000746600000)
 Metaspace       used 94991K, committed 96960K, reserved 1179648K
  class space    used 9669K, committed 10496K, reserved 1048576K
}
Event: 3931.804 GC heap after
{Heap after GC invocations=2173 (full 6):
 PSYoungGen      total 12800K, used 1529K [0x00000007aab00000, 0x00000007acd00000, 0x0000000800000000)
  eden space 11264K, 0% used [0x00000007aab00000,0x00000007aab00000,0x00000007ab600000)
  from space 1536K, 99% used [0x00000007ab780000,0x00000007ab8fe600,0x00000007ab900000)
  to   space 11776K, 0% used [0x00000007ac180000,0x00000007ac180000,0x00000007acd00000)
 ParOldGen       total 1153024K, used 304123K [0x0000000700000000, 0x0000000746600000, 0x00000007aab00000)
  object space 1153024K, 26% used [0x0000000700000000,0x00000007128fec30,0x0000000746600000)
 Metaspace       used 94991K, committed 96960K, reserved 1179648K
  class space    used 9669K, committed 10496K, reserved 1048576K
}
Event: 3932.017 GC heap before
{Heap before GC invocations=2174 (full 6):
 PSYoungGen      total 12800K, used 12793K [0x00000007aab00000, 0x00000007acd00000, 0x0000000800000000)
  eden space 11264K, 100% used [0x00000007aab00000,0x00000007ab600000,0x00000007ab600000)
  from space 1536K, 99% used [0x00000007ab780000,0x00000007ab8fe600,0x00000007ab900000)
  to   space 11776K, 0% used [0x00000007ac180000,0x00000007ac180000,0x00000007acd00000)
 ParOldGen       total 1153024K, used 304123K [0x0000000700000000, 0x0000000746600000, 0x00000007aab00000)
  object space 1153024K, 26% used [0x0000000700000000,0x00000007128fec30,0x0000000746600000)
 Metaspace       used 94991K, committed 96960K, reserved 1179648K
  class space    used 9669K, committed 10496K, reserved 1048576K
}
Event: 3932.020 GC heap after
{Heap after GC invocations=2174 (full 6):
 PSYoungGen      total 13824K, used 2138K [0x00000007aab00000, 0x00000007ac400000, 0x0000000800000000)
  eden space 11264K, 0% used [0x00000007aab00000,0x00000007aab00000,0x00000007ab600000)
  from space 2560K, 83% used [0x00000007ac180000,0x00000007ac396920,0x00000007ac400000)
  to   space 5120K, 0% used [0x00000007aba00000,0x00000007aba00000,0x00000007abf00000)
 ParOldGen       total 1153024K, used 305698K [0x0000000700000000, 0x0000000746600000, 0x00000007aab00000)
  object space 1153024K, 26% used [0x0000000700000000,0x0000000712a88a48,0x0000000746600000)
 Metaspace       used 94991K, committed 96960K, reserved 1179648K
  class space    used 9669K, committed 10496K, reserved 1048576K
}
Event: 3932.037 GC heap before
{Heap before GC invocations=2175 (full 6):
 PSYoungGen      total 13824K, used 13402K [0x00000007aab00000, 0x00000007ac400000, 0x0000000800000000)
  eden space 11264K, 100% used [0x00000007aab00000,0x00000007ab600000,0x00000007ab600000)
  from space 2560K, 83% used [0x00000007ac180000,0x00000007ac396920,0x00000007ac400000)
  to   space 5120K, 0% used [0x00000007aba00000,0x00000007aba00000,0x00000007abf00000)
 ParOldGen       total 1153024K, used 305698K [0x0000000700000000, 0x0000000746600000, 0x00000007aab00000)
  object space 1153024K, 26% used [0x0000000700000000,0x0000000712a88a48,0x0000000746600000)
 Metaspace       used 94991K, committed 96960K, reserved 1179648K
  class space    used 9669K, committed 10496K, reserved 1048576K
}
Event: 3932.041 GC heap after
{Heap after GC invocations=2175 (full 6):
 PSYoungGen      total 14848K, used 3567K [0x00000007aab00000, 0x00000007ac200000, 0x0000000800000000)
  eden space 11264K, 0% used [0x00000007aab00000,0x00000007aab00000,0x00000007ab600000)
  from space 3584K, 99% used [0x00000007aba00000,0x00000007abd7bc10,0x00000007abd80000)
  to   space 4096K, 0% used [0x00000007abe00000,0x00000007abe00000,0x00000007ac200000)
 ParOldGen       total 1153024K, used 307797K [0x0000000700000000, 0x0000000746600000, 0x00000007aab00000)
  object space 1153024K, 26% used [0x0000000700000000,0x0000000712c956a0,0x0000000746600000)
 Metaspace       used 94991K, committed 96960K, reserved 1179648K
  class space    used 9669K, committed 10496K, reserved 1048576K
}
Event: 3932.060 GC heap before
{Heap before GC invocations=2176 (full 6):
 PSYoungGen      total 14848K, used 14830K [0x00000007aab00000, 0x00000007ac200000, 0x0000000800000000)
  eden space 11264K, 99% used [0x00000007aab00000,0x00000007ab5fffb8,0x00000007ab600000)
  from space 3584K, 99% used [0x00000007aba00000,0x00000007abd7bc10,0x00000007abd80000)
  to   space 4096K, 0% used [0x00000007abe00000,0x00000007abe00000,0x00000007ac200000)
 ParOldGen       total 1153024K, used 307797K [0x0000000700000000, 0x0000000746600000, 0x00000007aab00000)
  object space 1153024K, 26% used [0x0000000700000000,0x0000000712c956a0,0x0000000746600000)
 Metaspace       used 94992K, committed 96960K, reserved 1179648K
  class space    used 9669K, committed 10496K, reserved 1048576K
}
Event: 3932.061 GC heap after
{Heap after GC invocations=2176 (full 6):
 PSYoungGen      total 13312K, used 1849K [0x00000007aab00000, 0x00000007ac000000, 0x0000000800000000)
  eden space 11264K, 0% used [0x00000007aab00000,0x00000007aab00000,0x00000007ab600000)
  from space 2048K, 90% used [0x00000007abe00000,0x00000007abfce540,0x00000007ac000000)
  to   space 2560K, 0% used [0x00000007abb00000,0x00000007abb00000,0x00000007abd80000)
 ParOldGen       total 1153024K, used 308221K [0x0000000700000000, 0x0000000746600000, 0x00000007aab00000)
  object space 1153024K, 26% used [0x0000000700000000,0x0000000712cff730,0x0000000746600000)
 Metaspace       used 94992K, committed 96960K, reserved 1179648K
  class space    used 9669K, committed 10496K, reserved 1048576K
}

Dll operation events (20 events):
Event: 0.097 Attempting to load shared library c:\Users\Dell\.vscode\extensions\redhat.java-1.56.0-win32-x64\jre\21.0.12.1-win32-x86_64\bin\zip.dll
Event: 0.098 Loaded shared library c:\Users\Dell\.vscode\extensions\redhat.java-1.56.0-win32-x64\jre\21.0.12.1-win32-x86_64\bin\zip.dll
Event: 0.125 Attempting to load shared library C:\Users\Dell\.vscode\extensions\redhat.java-1.56.0-win32-x64\jre\21.0.12.1-win32-x86_64\bin\instrument.dll
Event: 0.125 Loaded shared library C:\Users\Dell\.vscode\extensions\redhat.java-1.56.0-win32-x64\jre\21.0.12.1-win32-x86_64\bin\instrument.dll
Event: 0.129 Attempting to load shared library C:\Users\Dell\.vscode\extensions\redhat.java-1.56.0-win32-x64\jre\21.0.12.1-win32-x86_64\bin\net.dll
Event: 0.130 Loaded shared library C:\Users\Dell\.vscode\extensions\redhat.java-1.56.0-win32-x64\jre\21.0.12.1-win32-x86_64\bin\net.dll
Event: 0.133 Attempting to load shared library C:\Users\Dell\.vscode\extensions\redhat.java-1.56.0-win32-x64\jre\21.0.12.1-win32-x86_64\bin\nio.dll
Event: 0.134 Loaded shared library C:\Users\Dell\.vscode\extensions\redhat.java-1.56.0-win32-x64\jre\21.0.12.1-win32-x86_64\bin\nio.dll
Event: 0.138 Attempting to load shared library C:\Users\Dell\.vscode\extensions\redhat.java-1.56.0-win32-x64\jre\21.0.12.1-win32-x86_64\bin\zip.dll
Event: 0.138 Loaded shared library C:\Users\Dell\.vscode\extensions\redhat.java-1.56.0-win32-x64\jre\21.0.12.1-win32-x86_64\bin\zip.dll
Event: 0.163 Attempting to load shared library C:\Users\Dell\.vscode\extensions\redhat.java-1.56.0-win32-x64\jre\21.0.12.1-win32-x86_64\bin\jimage.dll
Event: 0.163 Loaded shared library C:\Users\Dell\.vscode\extensions\redhat.java-1.56.0-win32-x64\jre\21.0.12.1-win32-x86_64\bin\jimage.dll
Event: 0.268 Attempting to load shared library c:\Users\Dell\.vscode\extensions\redhat.java-1.56.0-win32-x64\jre\21.0.12.1-win32-x86_64\bin\verify.dll
Event: 0.269 Loaded shared library c:\Users\Dell\.vscode\extensions\redhat.java-1.56.0-win32-x64\jre\21.0.12.1-win32-x86_64\bin\verify.dll
Event: 4.223 Attempting to load shared library C:\Users\Dell\AppData\Roaming\Code\User\globalStorage\redhat.java\1.56.0\config_win\org.eclipse.equinox.launcher\org.eclipse.equinox.launcher.win32.win32.x86_64_1.3.100.v20260804-1928\eclipse_11924.dll
Event: 4.229 Loaded shared library C:\Users\Dell\AppData\Roaming\Code\User\globalStorage\redhat.java\1.56.0\config_win\org.eclipse.equinox.launcher\org.eclipse.equinox.launcher.win32.win32.x86_64_1.3.100.v20260804-1928\eclipse_11924.dll
Event: 10.121 Attempting to load shared library C:\Users\Dell\AppData\Local\Temp\jna-2126305\jna4009290932988612538.dll
Event: 10.172 Loaded shared library C:\Users\Dell\AppData\Local\Temp\jna-2126305\jna4009290932988612538.dll
Event: 124.999 Attempting to load shared library C:\Users\Dell\.vscode\extensions\redhat.java-1.56.0-win32-x64\jre\21.0.12.1-win32-x86_64\bin\extnet.dll
Event: 125.000 Loaded shared library C:\Users\Dell\.vscode\extensions\redhat.java-1.56.0-win32-x64\jre\21.0.12.1-win32-x86_64\bin\extnet.dll

Deoptimization events (20 events):
Event: 3891.432 Thread 0x000001b16db398c0 Uncommon trap: trap_request=0xffffff45 fr.pc=0x000001b1166a1600 relative=0x0000000000000200
Event: 3891.432 Thread 0x000001b16db398c0 Uncommon trap: reason=unstable_if action=reinterpret pc=0x000001b1166a1600 method=org.eclipse.jdt.internal.compiler.ast.NameReference.emitDeclaringClassOfConstant(Lorg/eclipse/jdt/internal/compiler/codegen/CodeStream;)V @ 19 c2
Event: 3891.432 Thread 0x000001b16db398c0 DEOPT PACKING pc=0x000001b1166a1600 sp=0x00000008f10fdc90
Event: 3891.432 Thread 0x000001b16db398c0 DEOPT UNPACKING pc=0x000001b114886da2 sp=0x00000008f10fdbc0 mode 2
Event: 3891.517 Thread 0x000001b16db398c0 Uncommon trap: trap_request=0xffffff45 fr.pc=0x000001b116547024 relative=0x00000000000000e4
Event: 3891.517 Thread 0x000001b16db398c0 Uncommon trap: reason=unstable_if action=reinterpret pc=0x000001b116547024 method=org.eclipse.jdt.core.dom.PrefixExpression.accept0(Lorg/eclipse/jdt/core/dom/ASTVisitor;)V @ 7 c2
Event: 3891.517 Thread 0x000001b16db398c0 DEOPT PACKING pc=0x000001b116547024 sp=0x00000008f10fda90
Event: 3891.517 Thread 0x000001b16db398c0 DEOPT UNPACKING pc=0x000001b114886da2 sp=0x00000008f10fda38 mode 2
Event: 3891.531 Thread 0x000001b16db398c0 DEOPT PACKING pc=0x000001b110396ad5 sp=0x00000008f10fe6a0
Event: 3891.531 Thread 0x000001b16db398c0 DEOPT UNPACKING pc=0x000001b1148878e2 sp=0x00000008f10fdb70 mode 0
Event: 3891.876 Thread 0x000001b17b56a0d0 Uncommon trap: trap_request=0xffffffbe fr.pc=0x000001b115787ea0 relative=0x0000000000000680
Event: 3891.876 Thread 0x000001b17b56a0d0 Uncommon trap: reason=profile_predicate action=maybe_recompile pc=0x000001b115787ea0 method=org.eclipse.jdt.internal.compiler.parser.Scanner.checkTaskTag(II)V @ 539 c2
Event: 3891.876 Thread 0x000001b17b56a0d0 DEOPT PACKING pc=0x000001b115787ea0 sp=0x00000008efffeac0
Event: 3891.876 Thread 0x000001b17b56a0d0 DEOPT UNPACKING pc=0x000001b114886da2 sp=0x00000008efffea40 mode 2
Event: 3891.897 Thread 0x000001b17b56a0d0 DEOPT PACKING pc=0x000001b10f02a109 sp=0x00000008efffe4b0
Event: 3891.897 Thread 0x000001b17b56a0d0 DEOPT UNPACKING pc=0x000001b1148878e2 sp=0x00000008efffd990 mode 0
Event: 3927.240 Thread 0x000001b16db32fc0 Uncommon trap: trap_request=0xffffff45 fr.pc=0x000001b116454a74 relative=0x0000000000002ff4
Event: 3927.240 Thread 0x000001b16db32fc0 Uncommon trap: reason=unstable_if action=reinterpret pc=0x000001b116454a74 method=org.eclipse.jdt.internal.compiler.lookup.CompilationUnitScope.faultInImports()V @ 173 c2
Event: 3927.240 Thread 0x000001b16db32fc0 DEOPT PACKING pc=0x000001b116454a74 sp=0x00000008efefe600
Event: 3927.240 Thread 0x000001b16db32fc0 DEOPT UNPACKING pc=0x000001b114886da2 sp=0x00000008efefe5c0 mode 2

Classes loaded (20 events):
Event: 3296.453 Loading class java/io/ObjectOutputStream$BlockDataOutputStream
Event: 3296.454 Loading class java/io/ObjectOutputStream$BlockDataOutputStream done
Event: 3296.454 Loading class java/io/ObjectOutputStream$HandleTable
Event: 3296.454 Loading class java/io/ObjectOutputStream$HandleTable done
Event: 3296.454 Loading class java/io/ObjectOutputStream$ReplaceTable
Event: 3296.454 Loading class java/io/ObjectOutputStream$ReplaceTable done
Event: 3312.913 Loading class jdk/internal/module/IllegalAccessLogger
Event: 3312.913 Loading class jdk/internal/module/IllegalAccessLogger done
Event: 3566.499 Loading class java/util/stream/ReferencePipeline$15
Event: 3566.500 Loading class java/util/stream/ReferencePipeline$15 done
Event: 3566.508 Loading class java/util/stream/ReferencePipeline$15$1
Event: 3566.508 Loading class java/util/stream/ReferencePipeline$15$1 done
Event: 3566.749 Loading class java/lang/MatchException
Event: 3566.749 Loading class java/lang/MatchException done
Event: 3574.872 Loading class java/util/ArrayDeque$DeqSpliterator
Event: 3574.874 Loading class java/util/ArrayDeque$DeqSpliterator done
Event: 3575.171 Loading class jdk/internal/module/IllegalAccessLogger
Event: 3575.171 Loading class jdk/internal/module/IllegalAccessLogger done
Event: 3773.829 Loading class java/nio/channels/CompletionHandler
Event: 3773.832 Loading class java/nio/channels/CompletionHandler done

Classes unloaded (8 events):
Event: 10.600 Thread 0x000001b10a1be7a0 Unloading class 0x000001b1271ad400 'java/lang/invoke/LambdaForm$MH+0x000001b1271ad400'
Event: 10.600 Thread 0x000001b10a1be7a0 Unloading class 0x000001b1271ad000 'java/lang/invoke/LambdaForm$MH+0x000001b1271ad000'
Event: 10.600 Thread 0x000001b10a1be7a0 Unloading class 0x000001b1271acc00 'java/lang/invoke/LambdaForm$MH+0x000001b1271acc00'
Event: 10.600 Thread 0x000001b10a1be7a0 Unloading class 0x000001b1271ac800 'java/lang/invoke/LambdaForm$MH+0x000001b1271ac800'
Event: 10.600 Thread 0x000001b10a1be7a0 Unloading class 0x000001b1271ac400 'java/lang/invoke/LambdaForm$BMH+0x000001b1271ac400'
Event: 10.600 Thread 0x000001b10a1be7a0 Unloading class 0x000001b1271ac000 'java/lang/invoke/LambdaForm$DMH+0x000001b1271ac000'
Event: 10.600 Thread 0x000001b10a1be7a0 Unloading class 0x000001b1271aac00 'java/lang/invoke/LambdaForm$DMH+0x000001b1271aac00'
Event: 86.290 Thread 0x000001b10a1be7a0 Unloading class 0x000001b12772c400 'java/lang/invoke/LambdaForm$DMH+0x000001b12772c400'

Classes redefined (0 events):
No events

Internal exceptions (20 events):
Event: 3564.898 Thread 0x000001b17b568000 Exception <a 'java/lang/NullPointerException'{0x00000007aaf19400}> (0x00000007aaf19400) 
thrown [s\src\hotspot\share\interpreter\linkResolver.cpp, line 1372]
Event: 3564.919 Thread 0x000001b17b568000 Implicit null exception at 0x000001b115786f79 to 0x000001b11578705c
Event: 3564.932 Thread 0x000001b17b568000 Implicit null exception at 0x000001b116206828 to 0x000001b116206e08
Event: 3564.932 Thread 0x000001b17b568000 Implicit null exception at 0x000001b116639483 to 0x000001b116639566
Event: 3566.675 Thread 0x000001b16db398c0 Exception <a 'java/lang/NoSuchMethodError'{0x00000007aace2bb0}: 'long java.lang.invoke.DirectMethodHandle$Holder.invokeSpecial(java.lang.Object, java.lang.Object, java.lang.Object, int, int)'> (0x00000007aace2bb0) 
thrown [s\src\hotspot\share\interpreter\linkResolver.cpp, line 773]
Event: 3566.675 Thread 0x000001b16db398c0 Exception <a 'java/lang/NoSuchMethodError'{0x00000007aacedf08}: 'java.lang.Object java.lang.invoke.Invokers$Holder.linkToTargetMethod(java.lang.Object, int, int, java.lang.Object)'> (0x00000007aacedf08) 
thrown [s\src\hotspot\share\interpreter\linkResolver.cpp, line 773]
Event: 3566.814 Thread 0x000001b16db398c0 Exception <a 'java/lang/NoSuchMethodError'{0x00000007aaca4380}: 'int java.lang.invoke.DirectMethodHandle$Holder.invokeSpecial(java.lang.Object, java.lang.Object, java.lang.Object, java.lang.Object, java.lang.Object)'> (0x00000007aaca4380) 
thrown [s\src\hotspot\share\interpreter\linkResolver.cpp, line 773]
Event: 3566.949 Thread 0x000001b16db398c0 Implicit null exception at 0x000001b116031eb0 to 0x000001b116036c90
Event: 3566.956 Thread 0x000001b16db398c0 Exception <a 'java/lang/NullPointerException'{0x00000007aae524b0}> (0x00000007aae524b0) 
thrown [s\src\hotspot\share\interpreter\linkResolver.cpp, line 1372]
Event: 3566.957 Thread 0x000001b16db398c0 Implicit null exception at 0x000001b115d2210a to 0x000001b115d2312c
Event: 3566.962 Thread 0x000001b16db398c0 Implicit null exception at 0x000001b115a8a683 to 0x000001b115a8ae28
Event: 3566.974 Thread 0x000001b16db398c0 Implicit null exception at 0x000001b11650fcae to 0x000001b11650feb4
Event: 3566.983 Thread 0x000001b16db398c0 Exception <a 'java/lang/NullPointerException'{0x00000007aab116e0}> (0x00000007aab116e0) 
thrown [s\src\hotspot\share\interpreter\linkResolver.cpp, line 1372]
Event: 3574.673 Thread 0x000001b16ead4c20 Exception <a 'sun/nio/fs/WindowsException'{0x00000007aab18e30}> (0x00000007aab18e30) 
thrown [s\src\hotspot\share\prims\jni.cpp, line 520]
Event: 3574.758 Thread 0x000001b16ead4c20 Exception <a 'sun/nio/fs/WindowsException'{0x00000007aab584d0}> (0x00000007aab584d0) 
thrown [s\src\hotspot\share\prims\jni.cpp, line 520]
Event: 3612.778 Thread 0x000001b16d2e5190 Exception <a 'sun/nio/fs/WindowsException'{0x00000007aaeb7fa8}> (0x00000007aaeb7fa8) 
thrown [s\src\hotspot\share\prims\jni.cpp, line 520]
Event: 3612.778 Thread 0x000001b16d2e5190 Exception <a 'sun/nio/fs/WindowsException'{0x00000007aaeb8960}> (0x00000007aaeb8960) 
thrown [s\src\hotspot\share\prims\jni.cpp, line 520]
Event: 3875.692 Thread 0x000001b16ead6cf0 Exception <a 'java/lang/IncompatibleClassChangeError'{0x00000007aaf7e598}: Found class java.lang.Object, but interface was expected> (0x00000007aaf7e598) 
thrown [s\src\hotspot\share\interpreter\linkResolver.cpp, line 840]
Event: 3876.059 Thread 0x000001b16db398c0 Implicit null exception at 0x000001b115d8c643 to 0x000001b115d8c7d4
Event: 3876.172 Thread 0x000001b16db398c0 Implicit null exception at 0x000001b115de06a2 to 0x000001b115de12bc

ZGC Phase Switch (0 events):
No events

VM Operations (20 events):
Event: 3927.780 Executing safepoint VM operation: ParallelGCFailedAllocation (Allocation Failure)
Event: 3927.783 Executing safepoint VM operation: ParallelGCFailedAllocation (Allocation Failure) done
Event: 3927.813 Executing safepoint VM operation: ParallelGCFailedAllocation (Allocation Failure)
Event: 3927.816 Executing safepoint VM operation: ParallelGCFailedAllocation (Allocation Failure) done
Event: 3928.820 Executing safepoint VM operation: Cleanup
Event: 3928.820 Executing safepoint VM operation: Cleanup done
Event: 3931.767 Executing safepoint VM operation: ParallelGCFailedAllocation (Allocation Failure)
Event: 3931.771 Executing safepoint VM operation: ParallelGCFailedAllocation (Allocation Failure) done
Event: 3931.790 Executing safepoint VM operation: ParallelGCFailedAllocation (Allocation Failure)
Event: 3931.804 Executing safepoint VM operation: ParallelGCFailedAllocation (Allocation Failure) done
Event: 3932.017 Executing safepoint VM operation: ParallelGCFailedAllocation (Allocation Failure)
Event: 3932.020 Executing safepoint VM operation: ParallelGCFailedAllocation (Allocation Failure) done
Event: 3932.037 Executing safepoint VM operation: ParallelGCFailedAllocation (Allocation Failure)
Event: 3932.041 Executing safepoint VM operation: ParallelGCFailedAllocation (Allocation Failure) done
Event: 3932.060 Executing safepoint VM operation: ParallelGCFailedAllocation (Allocation Failure)
Event: 3932.061 Executing safepoint VM operation: ParallelGCFailedAllocation (Allocation Failure) done
Event: 3968.405 Executing non-safepoint VM operation: HandshakeAllThreads (HandshakeForDeflation)
Event: 3968.405 Executing non-safepoint VM operation: HandshakeAllThreads (HandshakeForDeflation) done
Event: 3968.405 Executing non-safepoint VM operation: RendezvousGCThreads
Event: 3968.405 Executing non-safepoint VM operation: RendezvousGCThreads done

Memory protections (0 events):
No events

Nmethod flushes (20 events):
Event: 3594.473 Thread 0x000001b10a1be7a0 flushing  nmethod 0x000001b11044a190
Event: 3594.473 Thread 0x000001b10a1be7a0 flushing  nmethod 0x000001b11044a610
Event: 3594.473 Thread 0x000001b10a1be7a0 flushing  nmethod 0x000001b11044af10
Event: 3594.473 Thread 0x000001b10a1be7a0 flushing  nmethod 0x000001b11044b410
Event: 3594.473 Thread 0x000001b10a1be7a0 flushing  nmethod 0x000001b11044ca90
Event: 3594.473 Thread 0x000001b10a1be7a0 flushing  nmethod 0x000001b11044d810
Event: 3594.473 Thread 0x000001b10a1be7a0 flushing  nmethod 0x000001b11044dd10
Event: 3594.473 Thread 0x000001b10a1be7a0 flushing  nmethod 0x000001b11045b590
Event: 3594.473 Thread 0x000001b10a1be7a0 flushing  nmethod 0x000001b110461890
Event: 3594.473 Thread 0x000001b10a1be7a0 flushing  nmethod 0x000001b110463190
Event: 3594.473 Thread 0x000001b10a1be7a0 flushing  nmethod 0x000001b110479990
Event: 3594.473 Thread 0x000001b10a1be7a0 flushing  nmethod 0x000001b110480410
Event: 3594.473 Thread 0x000001b10a1be7a0 flushing  nmethod 0x000001b11048e090
Event: 3594.473 Thread 0x000001b10a1be7a0 flushing  nmethod 0x000001b11049f590
Event: 3594.473 Thread 0x000001b10a1be7a0 flushing  nmethod 0x000001b1104b1b90
Event: 3594.473 Thread 0x000001b10a1be7a0 flushing  nmethod 0x000001b1104b1e90
Event: 3594.473 Thread 0x000001b10a1be7a0 flushing  nmethod 0x000001b1104b4490
Event: 3594.473 Thread 0x000001b10a1be7a0 flushing  nmethod 0x000001b1104b6a10
Event: 3594.473 Thread 0x000001b10a1be7a0 flushing  nmethod 0x000001b1104b7690
Event: 3594.473 Thread 0x000001b10a1be7a0 flushing osr nmethod 0x000001b11054cc10

Events (20 events):
Event: 3612.943 Thread 0x000001b16ead80a0 Thread exited: 0x000001b16ead80a0
Event: 3612.943 Thread 0x000001b16ead7a10 Thread exited: 0x000001b16ead7a10
Event: 3614.936 Thread 0x000001b1701c0db0 Thread exited: 0x000001b1701c0db0
Event: 3635.452 Thread 0x000001b17b56adf0 Thread exited: 0x000001b17b56adf0
Event: 3648.563 Thread 0x000001b17b568690 Thread exited: 0x000001b17b568690
Event: 3672.795 Thread 0x000001b16d2e5190 Thread exited: 0x000001b16d2e5190
Event: 3732.859 Thread 0x000001b17b568d20 Thread exited: 0x000001b17b568d20
Event: 3737.266 Thread 0x000001b16ead6cf0 Thread added: 0x000001b17b56a760
Event: 3737.267 Thread 0x000001b17b568000 Thread added: 0x000001b17b568d20
Event: 3737.269 Thread 0x000001b17b568d20 Thread added: 0x000001b17b56adf0
Event: 3799.967 Thread 0x000001b17b56a760 Thread exited: 0x000001b17b56a760
Event: 3799.967 Thread 0x000001b17b568d20 Thread exited: 0x000001b17b568d20
Event: 3799.967 Thread 0x000001b17b568000 Thread exited: 0x000001b17b568000
Event: 3875.024 Thread 0x000001b16d2e4b00 Thread exited: 0x000001b16d2e4b00
Event: 3875.028 Thread 0x000001b16d2e6bd0 Thread exited: 0x000001b16d2e6bd0
Event: 3875.288 Thread 0x000001b16d2e30c0 Thread exited: 0x000001b16d2e30c0
Event: 3887.899 Thread 0x000001b17b56adf0 Thread added: 0x000001b17b56a760
Event: 3970.412 Thread 0x000001b17b56a0d0 Thread exited: 0x000001b17b56a0d0
Event: 4010.283 Thread 0x000001b16db398c0 Thread exited: 0x000001b16db398c0
Event: 4070.289 Thread 0x000001b16db32fc0 Thread exited: 0x000001b16db32fc0


Dynamic libraries:
0x00007ff6c8060000 - 0x00007ff6c806e000 	c:\Users\Dell\.vscode\extensions\redhat.java-1.56.0-win32-x64\jre\21.0.12.1-win32-x86_64\bin\java.exe
0x00007ff94d4c0000 - 0x00007ff94d727000 	C:\WINDOWS\SYSTEM32\ntdll.dll
0x00007ff94c100000 - 0x00007ff94c1cb000 	C:\WINDOWS\System32\KERNEL32.DLL
0x00007ff94ac50000 - 0x00007ff94b052000 	C:\WINDOWS\System32\KERNELBASE.dll
0x00007ff94a6c0000 - 0x00007ff94a80c000 	C:\WINDOWS\System32\ucrtbase.dll
0x00007ff9209f0000 - 0x00007ff920a08000 	c:\Users\Dell\.vscode\extensions\redhat.java-1.56.0-win32-x64\jre\21.0.12.1-win32-x86_64\bin\jli.dll
0x00007ff91bfe0000 - 0x00007ff91bffe000 	c:\Users\Dell\.vscode\extensions\redhat.java-1.56.0-win32-x64\jre\21.0.12.1-win32-x86_64\bin\VCRUNTIME140.dll
0x00007ff94d100000 - 0x00007ff94d2cf000 	C:\WINDOWS\System32\USER32.dll
0x00007ff94aa40000 - 0x00007ff94aa67000 	C:\WINDOWS\System32\win32u.dll
0x00007ff94b3f0000 - 0x00007ff94b41b000 	C:\WINDOWS\System32\GDI32.dll
0x00007ff94aa70000 - 0x00007ff94ab99000 	C:\WINDOWS\System32\gdi32full.dll
0x00007ff94aba0000 - 0x00007ff94ac43000 	C:\WINDOWS\System32\msvcp_win.dll
0x00007ff92fb50000 - 0x00007ff92fde0000 	C:\WINDOWS\WinSxS\amd64_microsoft.windows.common-controls_6595b64144ccf1df_6.0.26100.9278_none_3e0d1ba8e3303201\COMCTL32.dll
0x00007ff94bb30000 - 0x00007ff94bbd9000 	C:\WINDOWS\System32\msvcrt.dll
0x00007ff94bd50000 - 0x00007ff94bd81000 	C:\WINDOWS\System32\IMM32.DLL
0x00007ff947080000 - 0x00007ff94708c000 	c:\Users\Dell\.vscode\extensions\redhat.java-1.56.0-win32-x64\jre\21.0.12.1-win32-x86_64\bin\vcruntime140_1.dll
0x00007ff8fe9c0000 - 0x00007ff8fea4d000 	c:\Users\Dell\.vscode\extensions\redhat.java-1.56.0-win32-x64\jre\21.0.12.1-win32-x86_64\bin\msvcp140.dll
0x00007ff8ab3d0000 - 0x00007ff8ac172000 	c:\Users\Dell\.vscode\extensions\redhat.java-1.56.0-win32-x64\jre\21.0.12.1-win32-x86_64\bin\server\jvm.dll
0x00007ff94bc00000 - 0x00007ff94bcbc000 	C:\WINDOWS\System32\ADVAPI32.dll
0x00007ff94b1e0000 - 0x00007ff94b289000 	C:\WINDOWS\System32\sechost.dll
0x00007ff94c270000 - 0x00007ff94c388000 	C:\WINDOWS\System32\RPCRT4.dll
0x00007ff94c1e0000 - 0x00007ff94c260000 	C:\WINDOWS\System32\WS2_32.dll
0x00007ff93a2d0000 - 0x00007ff93a2db000 	C:\WINDOWS\SYSTEM32\VERSION.dll
0x00007ff942770000 - 0x00007ff9427a6000 	C:\WINDOWS\SYSTEM32\WINMM.dll
0x00007ff94a520000 - 0x00007ff94a57e000 	C:\WINDOWS\SYSTEM32\POWRPROF.dll
0x00007ff94a500000 - 0x00007ff94a515000 	C:\WINDOWS\SYSTEM32\UMPDC.dll
0x00007ff949390000 - 0x00007ff9493ab000 	C:\WINDOWS\SYSTEM32\kernel.appcore.dll
0x00007ff92d940000 - 0x00007ff92d94a000 	c:\Users\Dell\.vscode\extensions\redhat.java-1.56.0-win32-x64\jre\21.0.12.1-win32-x86_64\bin\jimage.dll
0x00007ff947890000 - 0x00007ff947adc000 	C:\WINDOWS\SYSTEM32\DBGHELP.DLL
0x00007ff94cd70000 - 0x00007ff94d0f5000 	C:\WINDOWS\System32\combase.dll
0x00007ff94b420000 - 0x00007ff94b4f9000 	C:\WINDOWS\System32\OLEAUT32.dll
0x00007ff92a750000 - 0x00007ff92a78b000 	C:\WINDOWS\SYSTEM32\dbgcore.DLL
0x00007ff94b120000 - 0x00007ff94b1cc000 	C:\WINDOWS\System32\bcryptPrimitives.dll
0x00007ff924730000 - 0x00007ff92473f000 	c:\Users\Dell\.vscode\extensions\redhat.java-1.56.0-win32-x64\jre\21.0.12.1-win32-x86_64\bin\instrument.dll
0x00007ff91fd00000 - 0x00007ff91fd20000 	c:\Users\Dell\.vscode\extensions\redhat.java-1.56.0-win32-x64\jre\21.0.12.1-win32-x86_64\bin\java.dll
0x00007ff94c530000 - 0x00007ff94ccc8000 	C:\WINDOWS\System32\SHELL32.dll
0x00007ff948140000 - 0x00007ff9489ee000 	C:\WINDOWS\SYSTEM32\windows.storage.dll
0x00007ff94c000000 - 0x00007ff94c0fb000 	C:\WINDOWS\System32\SHCORE.dll
0x00007ff94bdb0000 - 0x00007ff94be16000 	C:\WINDOWS\System32\shlwapi.dll
0x00007ff94a5e0000 - 0x00007ff94a609000 	C:\WINDOWS\SYSTEM32\profapi.dll
0x00007ff9209d0000 - 0x00007ff9209e8000 	c:\Users\Dell\.vscode\extensions\redhat.java-1.56.0-win32-x64\jre\21.0.12.1-win32-x86_64\bin\zip.dll
0x00007ff92d980000 - 0x00007ff92d990000 	C:\Users\Dell\.vscode\extensions\redhat.java-1.56.0-win32-x64\jre\21.0.12.1-win32-x86_64\bin\net.dll
0x00007ff93ca30000 - 0x00007ff93cb5a000 	C:\WINDOWS\SYSTEM32\WINHTTP.dll
0x00007ff949950000 - 0x00007ff9499bc000 	C:\WINDOWS\system32\mswsock.dll
0x00007ff920820000 - 0x00007ff920836000 	C:\Users\Dell\.vscode\extensions\redhat.java-1.56.0-win32-x64\jre\21.0.12.1-win32-x86_64\bin\nio.dll
0x00007ff925a10000 - 0x00007ff925a20000 	c:\Users\Dell\.vscode\extensions\redhat.java-1.56.0-win32-x64\jre\21.0.12.1-win32-x86_64\bin\verify.dll
0x00007ff90d030000 - 0x00007ff90d075000 	C:\Users\Dell\AppData\Roaming\Code\User\globalStorage\redhat.java\1.56.0\config_win\org.eclipse.equinox.launcher\org.eclipse.equinox.launcher.win32.win32.x86_64_1.3.100.v20260804-1928\eclipse_11924.dll
0x00007ff94b990000 - 0x00007ff94bb2a000 	C:\WINDOWS\System32\ole32.dll
0x00007ff949c40000 - 0x00007ff949c5b000 	C:\WINDOWS\SYSTEM32\CRYPTSP.dll
0x00007ff9492f0000 - 0x00007ff949329000 	C:\WINDOWS\system32\rsaenh.dll
0x00007ff949a00000 - 0x00007ff949a34000 	C:\WINDOWS\SYSTEM32\USERENV.dll
0x00007ff94a5b0000 - 0x00007ff94a5da000 	C:\WINDOWS\SYSTEM32\bcrypt.dll
0x00007ff949c60000 - 0x00007ff949c6c000 	C:\WINDOWS\SYSTEM32\CRYPTBASE.dll
0x00007ff948db0000 - 0x00007ff948de3000 	C:\WINDOWS\SYSTEM32\IPHLPAPI.DLL
0x00007ff94cd60000 - 0x00007ff94cd6a000 	C:\WINDOWS\System32\NSI.dll
0x00007ff902d30000 - 0x00007ff902d79000 	C:\Users\Dell\AppData\Local\Temp\jna-2126305\jna4009290932988612538.dll
0x00007ff94c1d0000 - 0x00007ff94c1d8000 	C:\WINDOWS\System32\PSAPI.DLL
0x00007ff943e40000 - 0x00007ff943e5d000 	C:\WINDOWS\SYSTEM32\dhcpcsvc6.DLL
0x00007ff943e10000 - 0x00007ff943e35000 	C:\WINDOWS\SYSTEM32\dhcpcsvc.DLL
0x00007ff922160000 - 0x00007ff922169000 	C:\Users\Dell\.vscode\extensions\redhat.java-1.56.0-win32-x64\jre\21.0.12.1-win32-x86_64\bin\extnet.dll

JVMTI agents:
c:\Users\Dell\.vscode\extensions\redhat.java-1.56.0-win32-x64\lombok\lombok-1.18.39-4050.jar path:c:\Users\Dell\.vscode\extensions\redhat.java-1.56.0-win32-x64\jre\21.0.12.1-win32-x86_64\bin\instrument.dll, loaded, initialized, instrumentlib options:none

dbghelp: loaded successfully - version: 4.0.5 - missing functions: none
symbol engine: initialized successfully - sym options: 0x614 - pdb path: .;c:\Users\Dell\.vscode\extensions\redhat.java-1.56.0-win32-x64\jre\21.0.12.1-win32-x86_64\bin;C:\WINDOWS\SYSTEM32;C:\WINDOWS\WinSxS\amd64_microsoft.windows.common-controls_6595b64144ccf1df_6.0.26100.9278_none_3e0d1ba8e3303201;c:\Users\Dell\.vscode\extensions\redhat.java-1.56.0-win32-x64\jre\21.0.12.1-win32-x86_64\bin\server;C:\Users\Dell\AppData\Roaming\Code\User\globalStorage\redhat.java\1.56.0\config_win\org.eclipse.equinox.launcher\org.eclipse.equinox.launcher.win32.win32.x86_64_1.3.100.v20260804-1928;C:\Users\Dell\AppData\Local\Temp\jna-2126305

VM Arguments:
jvm_args: --add-modules=ALL-SYSTEM --add-opens=java.base/java.util=ALL-UNNAMED --add-opens=java.base/java.lang=ALL-UNNAMED --add-opens=java.base/sun.nio.fs=ALL-UNNAMED -Declipse.application=org.eclipse.jdt.ls.core.id1 -Dosgi.bundles.defaultStartLevel=4 -Declipse.product=org.eclipse.jdt.ls.core.product -Djava.import.generatesMetadataFilesAtProjectRoot=false -Dm2e.project.cache.size=50 -DDetectVMInstallationsJob.disabled=true -Dfile.encoding=utf8 -XX:+UseParallelGC -XX:GCTimeRatio=4 -XX:AdaptiveSizePolicyWeight=90 -Dsun.zip.disableMemoryMapping=true -Xmx4G -Xms100m -Xlog:disable -javaagent:c:\Users\Dell\.vscode\extensions\redhat.java-1.56.0-win32-x64\lombok\lombok-1.18.39-4050.jar -XX:+HeapDumpOnOutOfMemoryError -XX:HeapDumpPath=c:\Users\Dell\AppData\Roaming\Code\User\workspaceStorage\08226073695553198ca0166fdc4483d4\redhat.java -Daether.dependencyCollector.impl=bf 
java_command: c:\Users\Dell\.vscode\extensions\redhat.java-1.56.0-win32-x64\server\plugins\org.eclipse.equinox.launcher_1.8.0.v20260804-1928.jar -configuration c:\Users\Dell\AppData\Roaming\Code\User\globalStorage\redhat.java\1.56.0\config_win -data c:\Users\Dell\AppData\Roaming\Code\User\workspaceStorage\08226073695553198ca0166fdc4483d4\redhat.java\jdt_ws --pipe=\\.\pipe\lsp-b4ca74854e5f72ca07b0dca999a48b8b-sock
java_class_path (initial): c:\Users\Dell\.vscode\extensions\redhat.java-1.56.0-win32-x64\server\plugins\org.eclipse.equinox.launcher_1.8.0.v20260804-1928.jar
Launcher Type: SUN_STANDARD

[Global flags]
    uintx AdaptiveSizePolicyWeight                 = 90                                        {product} {command line}
     intx CICompilerCount                          = 4                                         {product} {ergonomic}
    uintx GCTimeRatio                              = 4                                         {product} {command line}
     bool HeapDumpOnOutOfMemoryError               = true                                   {manageable} {command line}
    ccstr HeapDumpPath                             = c:\Users\Dell\AppData\Roaming\Code\User\workspaceStorage\08226073695553198ca0166fdc4483d4\redhat.java         {manageable} {command line}
   size_t InitialHeapSize                          = 104857600                                 {product} {command line}
   size_t MaxHeapSize                              = 4294967296                                {product} {command line}
   size_t MaxNewSize                               = 1431306240                                {product} {ergonomic}
   size_t MinHeapDeltaBytes                        = 524288                                    {product} {ergonomic}
   size_t MinHeapSize                              = 104857600                                 {product} {command line}
   size_t NewSize                                  = 34603008                                  {product} {ergonomic}
    uintx NonNMethodCodeHeapSize                   = 5839372                                {pd product} {ergonomic}
    uintx NonProfiledCodeHeapSize                  = 122909434                              {pd product} {ergonomic}
   size_t OldSize                                  = 70254592                                  {product} {ergonomic}
    uintx ProfiledCodeHeapSize                     = 122909434                              {pd product} {ergonomic}
    uintx ReservedCodeCacheSize                    = 251658240                              {pd product} {ergonomic}
     bool SegmentedCodeCache                       = true                                      {product} {ergonomic}
   size_t SoftMaxHeapSize                          = 4294967296                             {manageable} {ergonomic}
     bool UseCompressedOops                        = true                           {product lp64_product} {ergonomic}
     bool UseLargePagesIndividualAllocation        = false                                  {pd product} {ergonomic}
     bool UseParallelGC                            = true                                      {product} {command line}

Logging:
Log output configuration:
 #0: stdout all=off uptime,level,tags foldmultilines=false
 #1: stderr all=off uptime,level,tags foldmultilines=false

Release file:
JAVA_VERSION="21.0.12.1" 
MODULES="java.base java.compiler java.datatransfer java.xml java.prefs java.desktop java.instrument java.logging java.management java.security.sasl java.naming java.rmi java.management.rmi java.net.http java.scripting java.security.jgss java.transaction.xa java.sql java.sql.rowset java.xml.crypto java.se java.smartcardio jdk.accessibility jdk.internal.jvmstat jdk.attach jdk.charsets jdk.internal.opt jdk.zipfs jdk.compiler jdk.crypto.ec jdk.crypto.cryptoki jdk.crypto.mscapi jdk.dynalink jdk.internal.ed jdk.editpad jdk.hotspot.agent jdk.httpserver jdk.internal.le jdk.internal.vm.ci jdk.internal.vm.compiler jdk.internal.vm.compiler.management jdk.jartool jdk.javadoc jdk.jcmd jdk.management jdk.management.agent jdk.jconsole jdk.jdeps jdk.jdwp.agent jdk.jdi jdk.jfr jdk.jshell jdk.jsobject jdk.jstatd jdk.localedata jdk.management.jfr jdk.naming.dns jdk.naming.rmi jdk.net jdk.nio.mapmode jdk.random jdk.sctp jdk.security.auth jdk.security.jgss jdk.unsupported jdk.unsupported.desktop jdk.xml.dom" 

Environment Variables:
JAVA_HOME=C:\Users\Dell\AppData\Local\Programs\Eclipse Adoptium\jdk-25.0.3.9-hotspot
PATH=C:\WINDOWS\system32;C:\WINDOWS;C:\WINDOWS\System32\Wbem;C:\WINDOWS\System32\WindowsPowerShell\v1.0\;C:\WINDOWS\System32\OpenSSH\;C:\Program Files\dotnet\;C:\Program Files (x86)\NVIDIA Corporation\PhysX\Common;C:\Program Files\Java\jdk-20\bin;C:\Program Files\Microsoft SQL Server\150\Tools\Binn\;C:\Users\Dell\AppData\Local\Python\pythoncore-3.14-64\Lib\site-packages;C:\Program Files\Git\cmd;C:\Users\Dell\AppData\Local\Programs\Eclipse Adoptium\jdk-25.0.3.9-hotspot\bin;C:\Program Files\MySQL\MySQL Shell 8.0\bin\;C:\Users\Dell\AppData\Local\Android\Sdk\platform-tools;C:\Users\Dell\AppData\Local\Microsoft\WindowsApps;C:\Users\Dell\AppData\Local\Python\bin;C:\Users\Dell\AppData\Local\Programs\Microsoft VS Code\bin;E:\flutter sdk\flutter\bin;C:\Users\Dell\AppData\Local\Android\Sdk\cmdline-tools\latest\bin;C:\Users\Dell\AppData\Local\Android\Sdk\build-tools\37.0.0;C:\Program Files\apache-maven\apache-maven-3.9.16\bin;C:\Users\Dell\AppData\Local\Microsoft\WinGet\Packages\axllent.mailpit_Microsoft.Winget.Source_8wekyb3d8bbwe;
USERNAME=Dell
OS=Windows_NT
PROCESSOR_IDENTIFIER=Intel64 Family 6 Model 140 Stepping 1, GenuineIntel
TMP=C:\Users\Dell\AppData\Local\Temp
TEMP=C:\Users\Dell\AppData\Local\Temp




Periodic native trim disabled

---------------  S Y S T E M  ---------------

OS:
 Windows 11 , 64 bit Build 26100 (10.0.26100.9444)
OS uptime: 1 days 4:52 hours

CPU: total 8 (initial active 8) (4 cores per cpu, 2 threads per core) family 6 model 140 stepping 1 microcode 0xbe, cx8, cmov, fxsr, ht, mmx, 3dnowpref, sse, sse2, sse3, ssse3, sse4.1, sse4.2, popcnt, lzcnt, tsc, tscinvbit, avx, avx2, aes, erms, clmul, bmi1, bmi2, adx, avx512f, avx512dq, avx512cd, avx512bw, avx512vl, sha, fma, vzeroupper, avx512_vpopcntdq, avx512_vpclmulqdq, avx512_vaes, avx512_vnni, clflush, clflushopt, clwb, avx512_vbmi2, avx512_vbmi, rdtscp, rdpid, fsrm, gfni, avx512_bitalg, f16c, pku, cet_ibt, cet_ss, avx512_ifma
Processor Information for the first 8 processors :
  Max Mhz: 2419, Current Mhz: 2419, Mhz Limit: 2419

Memory: 4k page, system-wide physical 7918M (680M free)
TotalPageFile size 20236M (AvailPageFile size 514M)
current process WorkingSet (physical memory assigned to process): 10M, peak: 1277M
current process commit charge ("private bytes"): 1603M, peak: 1647M

vm_info: OpenJDK 64-Bit Server VM (21.0.12.1+1-LTS) for windows-amd64 JRE (21.0.12.1+1-LTS), built on 2026-08-18T00:00:00Z by "admin" with MS VC++ 17.12 (VS2022)

END.
